# Production Problem 1: Establishing an agile development environment

Student: Hong Zhang
Class: ITMD 362

## The Problem

There is no IDE for web development. You need to assemble your own. For this
class, to start, you will need three items. First, find and install at least one
plain-text editor that can handle Unicode (UTF-8) encoding, Unix-style line
endings (LF), and syntax highlighting for the three languages we’ll write most
in this class: HTML, CSS, and JavaScript. You'll need it to write out the file
for this first Production Problem. Configure your editor to default to Unicode
and Unix-style line endings, if necessary. Looking for suggestions? Hit up the
Campfire chatroom in our class Basecamp site.

Second, you will need a version control system. We will be using Git. You’ll
either want to install Git using a package manager (e.g., aptitude on Debian,
yum on CentOS, Homebrew on OS X) or compile it yourself from source. **Do not**
just download and install a binary from the Web.

You will also need at minimum to configure Git with your name and email address.
**Do not** just download and install a binary from the Web. From there, you will
need to set up and interact with your GitHub account.

Third and finally, we will be using a bunch of different developer tools built
on top of Node.js. Like Git, you should either install Node via a package
manager or compile it yourself from source. Depending on your installation
method, you might also have to install the Node Package Manager, npm.

Need help or get stuck? Try the Campfire chatroom, or Ping the instructor, on
Basecamp.

## Resources & Hints

* Git Configuration:
https://git-scm.com/book/en/v2/Customizing-Git-Git-Configuration

* Setting Up SSH Keys on GitHub:
https://help.github.com/articles/generating-ssh-keys/

* The Git Community Book: https://git-scm.com/book/en/v2

* Node.js: http://nodejs.org/

* Installing Node.js via Package Manager:
    https://nodejs.org/en/download/package-manager/

## Deliverables

You must fork this repository from GitHub to your own account, clone it to your
computer, and edit this file.

**You should must create a separate commit for each of the following steps.**
Text between backticks are commands to run in your command-line shell.

First, you need to install Git, if you don’t have it already.

1. Copy below the output from `git version`:
command: git version 
output:  git version 2.5.0


2. Copy below the output from `git config --global --list`:
command: git config --global --list
output:  user.name=HongZhangJiang
		 user.email=hzhan121@hawk.iit.edu
		 core.editor=subl -n -w
		 core.page=
		 merge.tool=vimdiff
		 color.ui=true
		 color.branch=true
		 color.diff=true
		 color.interactive=true
		 color.status=true
		 color.diff.meta=blue black bold


You also need to set up your public/private keypair with GitHub. Once you’ve
done that, do the following:

3. Copy below the output from `ssh git@github.com`:
command: ssh git@github.com`
output: PTY allocation request failed on channel 0
		Hi HongZhangJiang! You've successfully authenticated, but GitHub does not provide shell access.
		Connection to github.com closed.

Now, I create a project. Hence, I create a new directory and puy this directory under git revision control.
command: 
	[hong@localhost ~]$ mkdir ITMD362
	[hong@localhost ~]$ cd ITMD362
	[hong@localhost projects_itmd362]$ git init
output:
	Initialized empty Git repository in /home/hong/projects_itmd362/.git/
	[hong@localhost projects_itmd362]$ git status
	On branch master

	Initial commit

	nothing to commit (create/copy files and use "git add" to track)

Then, I create a new file named readme.txt. Then, I push this repository to my github. 
	[hong@localhost ITMD362]$ cat > readme.txt
	Class: ITMD 362
	Student: Hong Zhang
	This folder is the solutions for production problems.
	[hong@localhost ITMD362]$ git add .
	[hong@localhost ITMD362]$ git commit -m "create a new repository"
	[master (root-commit) 22cdeaf] create a new repository
	 1 file changed, 3 insertions(+)
	 create mode 100644 Readme.txt
	[hong@localhost ITMD362]$ git remote add origin https://github.com/HongZhangJiang/ITMD-362-Production-Problem.git
	[hong@localhost ITMD362]$ git remote -v
	origin	https://github.com/HongZhangJiang/ITMD-362-Production-Problem.git (fetch)
	origin	https://github.com/HongZhangJiang/ITMD-362-Production-Problem.git (push)
	[hong@localhost ITMD362]$ git push -f origin master
	Counting objects: 3, done.
	Compressing objects: 100% (2/2), done.
	Writing objects: 100% (3/3), 312 bytes | 0 bytes/s, done.
	Total 3 (delta 0), reused 0 (delta 0)
	To https://github.com/HongZhangJiang/ITMD-362-Production-Problem.git
	 + e3e7bc8...22cdeaf master -> master (forced update)

Next, I clone the professor's repository to mine.

Clone your fork of this repository. Then, on your computer, add a remote
referencing my copy of the repository as the upstream rep by running
`git remote add upstream https://github.com/karlstolley/itmd362-pp.git`

4. Copy below the output from `git remote -v` from within your copy of this
repository:
command:
	[hong@localhost ITMD362]$ git remote add upstream https://github.com/karlstolley/itmd362-pp.git
	[hong@localhost ITMD362]$ git remote -v
	origin	https://github.com/HongZhangJiang/ITMD-362-Production-Problem.git (fetch)
	origin	https://github.com/HongZhangJiang/ITMD-362-Production-Problem.git (push)
	upstream	https://github.com/karlstolley/itmd362-pp.git (fetch)
	upstream	https://github.com/karlstolley/itmd362-pp.git (push)

Next, I fetch the branches and their respective commites from the upstram repository. Then, merge them.

	[hong@localhost ITMD362]$ git fetch upstream
	warning: no common commits
	remote: Counting objects: 24, done.
	remote: Compressing objects: 100% (5/5), done.
	remote: Total 24 (delta 0), reused 0 (delta 0), pack-reused 19
	Unpacking objects: 100% (24/24), done.
	From https://github.com/karlstolley/itmd362-pp
	 * [new branch]      master     -> upstream/master
	[hong@localhost ITMD362]$ git checkout master
	Already on 'master'
	[hong@localhost ITMD362]$ git merge upstream/master
	Merge made by the 'recursive' strategy.
	 README.md                               |  1 +
	 week-one/agile-development.txt          | 83 +++++++++++++++++++++++++++++++++
	 week-two/client-manager-development.txt | 58 +++++++++++++++++++++++
	 3 files changed, 142 insertions(+)
	 create mode 100644 README.md
	 create mode 100644 week-one/agile-development.txt
	 create mode 100644 week-two/client-manager-development.txt

Now, I can see the professor's repository in mine. Then, I add something in the file. Finnally, I will push this repository to my Github. Here are the following codes.
	[hong@localhost ITMD362]$ git status
	On branch master
	nothing to commit, working directory clean
	[hong@localhost ITMD362]$ git add .
	[hong@localhost ITMD362]$ git commit -m "add professor's repository"
	On branch master
	nothing to commit, working directory clean
	[hong@localhost ITMD362]$ git remote add origin https://github.com/HongZhangJiang/ITMD-362-Production-Problem.git
	fatal: remote origin already exists.
	[hong@localhost ITMD362]$ git remote -v
	origin	https://github.com/HongZhangJiang/ITMD-362-Production-Problem.git (fetch)
	origin	https://github.com/HongZhangJiang/ITMD-362-Production-Problem.git (push)
	upstream	https://github.com/karlstolley/itmd362-pp.git (fetch)
	upstream	https://github.com/karlstolley/itmd362-pp.git (push)
	[hong@localhost ITMD362]$ git push origin master -f
	Counting objects: 26, done.
	Compressing objects: 100% (22/22), done.
	Writing objects: 100% (26/26), 6.58 KiB | 0 bytes/s, done.
	Total 26 (delta 5), reused 0 (delta 0)
	To https://github.com/HongZhangJiang/ITMD-362-Production-Problem.git
	   22cdeaf..11858ec  master -> master


Next, you need to install Node.js, and possibly also npm, if you don’t have it
already.

5. Copy below the output from `node -v`:
command: node -v
output:  v0.10.36


6. Copy below all of the output from `npm install http-server -g`:
command: npm install http-server -g
output: npm http GET https://registry.npmjs.org/http-server
		npm http 200 https://registry.npmjs.org/http-server
		npm http GET https://registry.npmjs.org/http-server/-/http-server-0.8.5.tgz
		npm http 200 https://registry.npmjs.org/http-server/-/http-server-0.8.5.tgz
		npm http GET https://registry.npmjs.org/colors/1.0.3
		npm http GET https://registry.npmjs.org/optimist
		npm http GET https://registry.npmjs.org/union
		npm http GET https://registry.npmjs.org/ecstatic
		npm http GET https://registry.npmjs.org/http-proxy
		npm http GET https://registry.npmjs.org/portfinder
		npm http GET https://registry.npmjs.org/opener
		npm http GET https://registry.npmjs.org/corser
		npm http 200 https://registry.npmjs.org/colors/1.0.3
		npm http GET https://registry.npmjs.org/colors/-/colors-1.0.3.tgz
		npm http 200 https://registry.npmjs.org/portfinder
		npm http GET https://registry.npmjs.org/portfinder/-/portfinder-0.4.0.tgz
		npm http 200 https://registry.npmjs.org/opener
		npm http GET https://registry.npmjs.org/opener/-/opener-1.4.1.tgz
		npm http 200 https://registry.npmjs.org/http-proxy
		npm http GET https://registry.npmjs.org/http-proxy/-/http-proxy-1.12.0.tgz
		npm http 200 https://registry.npmjs.org/ecstatic
		npm http 200 https://registry.npmjs.org/colors/-/colors-1.0.3.tgz
		npm http 200 https://registry.npmjs.org/optimist
		npm http GET https://registry.npmjs.org/ecstatic/-/ecstatic-0.7.6.tgz
		npm http GET https://registry.npmjs.org/optimist/-/optimist-0.6.1.tgz
		npm http 200 https://registry.npmjs.org/opener/-/opener-1.4.1.tgz
		npm http 200 https://registry.npmjs.org/union
		npm http 200 https://registry.npmjs.org/portfinder/-/portfinder-0.4.0.tgz
		npm http GET https://registry.npmjs.org/union/-/union-0.4.4.tgz
		npm http 200 https://registry.npmjs.org/http-proxy/-/http-proxy-1.12.0.tgz
		npm http 200 https://registry.npmjs.org/corser
		npm http 200 https://registry.npmjs.org/ecstatic/-/ecstatic-0.7.6.tgz
		npm http 200 https://registry.npmjs.org/union/-/union-0.4.4.tgz
		npm http GET https://registry.npmjs.org/corser/-/corser-2.0.0.tgz
		npm http 200 https://registry.npmjs.org/optimist/-/optimist-0.6.1.tgz
		npm http 200 https://registry.npmjs.org/corser/-/corser-2.0.0.tgz
		npm http GET https://registry.npmjs.org/async/0.9.0
		npm http GET https://registry.npmjs.org/mkdirp
		npm http GET https://registry.npmjs.org/eventemitter3
		npm http GET https://registry.npmjs.org/requires-port
		npm http GET https://registry.npmjs.org/wordwrap
		npm http GET https://registry.npmjs.org/minimist
		npm http 200 https://registry.npmjs.org/async/0.9.0
		npm http GET https://registry.npmjs.org/async/-/async-0.9.0.tgz
		npm http 200 https://registry.npmjs.org/requires-port
		npm http 200 https://registry.npmjs.org/eventemitter3
		npm http 200 https://registry.npmjs.org/mkdirp
		npm http 200 https://registry.npmjs.org/minimist
		npm http GET https://registry.npmjs.org/requires-port/-/requires-port-0.0.1.tgz
		npm http GET https://registry.npmjs.org/eventemitter3/-/eventemitter3-1.1.1.tgz
		npm http GET https://registry.npmjs.org/mkdirp/-/mkdirp-0.5.1.tgz
		npm http GET https://registry.npmjs.org/minimist/-/minimist-0.0.10.tgz
		npm http GET https://registry.npmjs.org/qs
		npm http GET https://registry.npmjs.org/url-join/0.0.1
		npm http GET https://registry.npmjs.org/he
		npm http GET https://registry.npmjs.org/mime
		npm http 200 https://registry.npmjs.org/eventemitter3/-/eventemitter3-1.1.1.tgz
		npm http 200 https://registry.npmjs.org/minimist/-/minimist-0.0.10.tgz
		npm http 200 https://registry.npmjs.org/wordwrap
		npm http GET https://registry.npmjs.org/minimist/-/minimist-1.2.0.tgz
		npm http GET https://registry.npmjs.org/wordwrap/-/wordwrap-0.0.3.tgz
		npm http 200 https://registry.npmjs.org/async/-/async-0.9.0.tgz
		npm http 200 https://registry.npmjs.org/mkdirp/-/mkdirp-0.5.1.tgz
		npm http 200 https://registry.npmjs.org/requires-port/-/requires-port-0.0.1.tgz
		npm http 200 https://registry.npmjs.org/he
		npm http GET https://registry.npmjs.org/he/-/he-0.5.0.tgz
		npm http 200 https://registry.npmjs.org/minimist/-/minimist-1.2.0.tgz
		npm http 200 https://registry.npmjs.org/mime
		npm http 200 https://registry.npmjs.org/qs
		npm http GET https://registry.npmjs.org/mime/-/mime-1.3.4.tgz
		npm http GET https://registry.npmjs.org/qs/-/qs-2.3.3.tgz
		npm http 200 https://registry.npmjs.org/wordwrap/-/wordwrap-0.0.3.tgz
		npm http 200 https://registry.npmjs.org/he/-/he-0.5.0.tgz
		npm http 200 https://registry.npmjs.org/url-join/0.0.1
		npm http GET https://registry.npmjs.org/url-join/-/url-join-0.0.1.tgz
		npm http 200 https://registry.npmjs.org/qs/-/qs-2.3.3.tgz
		npm http 200 https://registry.npmjs.org/mime/-/mime-1.3.4.tgz
		npm http 200 https://registry.npmjs.org/url-join/-/url-join-0.0.1.tgz
		npm http GET https://registry.npmjs.org/minimist/0.0.8
		npm http 200 https://registry.npmjs.org/minimist/0.0.8
		npm http GET https://registry.npmjs.org/minimist/-/minimist-0.0.8.tgz
		npm http 200 https://registry.npmjs.org/minimist/-/minimist-0.0.8.tgz
		/bin/http-server -> /lib/node_modules/http-server/bin/http-server
		/bin/hs -> /lib/node_modules/http-server/bin/http-server
		http-server@0.8.5 /lib/node_modules/http-server
		├── opener@1.4.1
		├── corser@2.0.0
		├── colors@1.0.3
		├── http-proxy@1.12.0 (eventemitter3@1.1.1, requires-port@0.0.1)
		├── optimist@0.6.1 (wordwrap@0.0.3, minimist@0.0.10)
		├── union@0.4.4 (qs@2.3.3)
		├── ecstatic@0.7.6 (url-join@0.0.1, mime@1.3.4, minimist@1.2.0, he@0.5.0)
		└── portfinder@0.4.0 (async@0.9.0, mkdirp@0.5.1)



